../Core/Src/main.c:92:5:main	3
../Core/Src/main.c:175:6:SystemClock_Config	3
../Core/Src/main.c:219:13:MX_ADC1_Init	4
../Core/Src/main.c:283:13:MX_LPUART1_UART_Init	5
../Core/Src/main.c:327:13:MX_TIM1_Init	7
../Core/Src/main.c:402:13:MX_TIM3_Init	4
../Core/Src/main.c:443:13:MX_TIM5_Init	4
../Core/Src/main.c:482:13:MX_DMA_Init	1
../Core/Src/main.c:506:13:MX_GPIO_Init	1
../Core/Src/main.c:542:6:HAL_TIM_PeriodElapsedCallback	2
../Core/Src/main.c:549:10:Micros	1
../Core/Src/main.c:563:6:Error_Handler	1
